Maria
Anna
Daniela
Sara
Laura
Elena
Francesca
Giulia
Paola
Cristina
Monica
Claudia
Barbara
Silvia
Chiara
Angela
Patrizia
Valentina
Carla
Manuela
Lucia
Martina
Elisa
Nadia
Simona
Alessia
Alice
Rita
Alessandra
Michela
Sandra
Rosa
Giovanna
Sofia
Stefania
Sonia
Gabriella
Nicole
Antonella
Roberta
Sabrina
Silvana
Giuseppina
Franca
Lara
Carmen
Lisa
Giada
Marisa
Giorgia
Marina
Emma
Caterina
Valeria
Renata
Cinzia
Federica
Beatrice
Tiziana
Katia
Ana
Adriana
Teresa
Jessica
Eleonora
Graziella
Mara
Liliana
Irene
Ursula
Bruna
Luciana
Margherita
Arianna
Rosanna
Noemi
Loredana
Anita
Luisa
Ilaria
Antonietta
Isabella
Ivana
Raffaella
Verena
Marta
Elisabetta
Milena
Veronica
Vanessa
Ruth
Flavia
Elisabeth
Lorenza
Gaia
Linda
Diana
Aurora
Giuliana
Pamela
Camilla
Miriam
Lorena
Eva
Lidia
Deborah
Serena
Monika
Carmela
Doris
Letizia
Erika
Marilena
Emanuela
Nicoletta
Tatiana
Susanna
Melissa
Michelle
Olga
Denise
Matilde
Ornella
Tania
Annamaria
Fernanda
Sarah
Luana
Mariangela
Tamara
Agnese
Carolina
Marie
Chantal
Karin
Sophie
Erica
Nathalie
Yvonne
Cecilia
Eliana
Ines
Jacqueline
Sabina
Mirella
Sonja
Greta
Debora
Gloria
Romina
Ida
Nina
Christine
Dolores
Emilia
Andrea
Morena
Aline
Bianca
Elsa
Gianna
Jennifer
Asia
Emily
Virginia
Vittoria
Clara
Prisca
Brigitte
Nora
Mariella
Vera
Adele
Jolanda
Alexandra
Isabel
Donatella
Lia
Samantha
Heidi
Angelina
Viviana
Annalisa
Enrica
Susanne
Iris
Nives
Viola
Filomena
Antonia
Fabiana
Pia
Patricia
Rosmarie
Marianne
Lina
Ada
Maura
Margrit
Myriam
Elda
Lea
Fiorella
Ester
Gabriela
Melanie
Alba
Natalia
Sheila
Ramona
Petra
Esther
Jasmine
Edith
Maddalena
Cornelia
Elvira
Rebecca
Ambra
Moira
Pierina
Rachele
Sharon
Concetta
Grazia
Dora
Irma
Julia
Marinella
Gemma
Luigia
Tanja
Zoe
Delia
Mia
Céline
Gertrud
Livia
Daria
Alma
Katharina
Romana
Rosaria
Carlotta
Fausta
Rosalba
Rossella
Stella
Marianna
Fiorenza
Leila
Angelica
Marzia
Silva
Anastasia
Natascia
Piera
Helena
Olivia
Paula
Nelly
Nadine
Marija
Luigina
Samanta
Agata
Alda
Amanda
Amelia
Ingrid
Rosina
Vincenza
Wanda
Victoria
Mirta
Isabelle
Giuseppa
Clarissa
Gisella
Ginevra
Martha
Monique
Assunta
Maja
Alyssa
Luisella
Mary
Corinne
Christina
Johanna
Nicla
Cristiana
Jelena
Maya
Astrid
Brunella
Donata
Fabienne
Regina
Dina
Maruska
Micaela
Rina
Augusta
Domenica
Catia
Marika
Simone
Charlotte
Marusca
Rosita
Wilma
Fabiola
Irina
Catherine
Caroline
Ludovica
Natalie
Anne
Rosalia
Rossana
Aleksandra
Flora
Jenny
Alina
Nada
Norma
Magda
Alissa
Aurelia
Dragica
Svetlana
Benedetta
Eveline
Franziska
Germana
Rosangela
