Maria
Marie
Anne
Catherine
Nathalie
Isabelle
Ana
Christine
Nicole
Françoise
Monique
Sandra
Jacqueline
Patricia
Christiane
Laura
Sarah
Sophie
Valérie
Chantal
Céline
Véronique
Anna
Elisabeth
Stéphanie
Sylvie
Caroline
Corinne
Martine
Marianne
Claudine
Fabienne
Julie
Laurence
Denise
Jessica
Emilie
Mélanie
Sara
Sandrine
Madeleine
Camille
Alexandra
Josiane
Sonia
Florence
Dominique
Emma
Charlotte
Danielle
Léa
Liliane
Eliane
Myriam
Nadia
Brigitte
Eva
Vanessa
Alice
Hélène
Chloé
Lucie
Anne-Marie
Suzanne
Rosa
Carole
Aurélie
Claire
Michèle
Béatrice
Elodie
Simone
Claudia
Aline
Francine
Barbara
Laetitia
Mireille
Pauline
Cécile
Virginie
Yvette
Jeanne
Fanny
Carla
Daniela
Noémie
Marguerite
Elisa
Diana
Manon
Silvia
Elena
Audrey
Lara
Christelle
Sabrina
Joëlle
Janine
Clara
Julia
Cindy
Mathilde
Josette
Delphine
Marina
Geneviève
Marion
Evelyne
Yvonne
Nadine
Carmen
Lisa
Ruth
Anaïs
Jennifer
Sofia
Rita
Rachel
Cristina
Laure
Paula
Edith
Zoé
Isabel
Nelly
Gisèle
Olivia
Anita
Elsa
Rose
Thérèse
Angela
Amélie
Bernadette
Natacha
Gabrielle
Alicia
Sylviane
Tania
Estelle
Sabine
Morgane
Micheline
Ariane
Muriel
Magali
Marine
Séverine
Katia
Juliette
Louise
Colette
Victoria
Agnès
Arlette
Olga
Danièle
Justine
Antoinette
Ursula
Pierrette
Karine
Jocelyne
Pascale
Erika
Andrée
Irène
Viviane
Carine
Georgette
Marlène
Coralie
Joana
Esther
Lucia
Mélissa
Tatiana
Célia
Raymonde
Océane
Marlyse
Michelle
Nina
Huguette
Inès
Melissa
Monica
Marie-Thérèse
Teresa
Karin
Manuela
Sylvia
Alexia
Marta
Thi
Lina
Liliana
Rose-Marie
Andrea
Emmanuelle
Valentine
Nora
Yolande
Ginette
Susana
Géraldine
Elise
Gaëlle
Annick
Fatima
Jade
Jeannine
Tamara
Doris
Monika
Amandine
Renée
Margaux
Marie-Claude
Marie-Claire
Beatriz
Marcelle
Chiara
Verena
Paulette
Helena
Natalia
Heidi
Lucienne
Mariana
Solange
Adriana
Cynthia
Murielle
Giulia
Marie-Louise
Andreia
Anne-Lise
Deborah
Valentina
Vera
Carolina
Lydia
Linda
Johanna
Diane
Maude
Odette
Leila
Annie
Gilberte
Kelly
Odile
Aude
Gabriela
Alessia
Paola
Roxane
Susanne
Francesca
Germaine
Samantha
Christel
Maya
Maeva
Fernanda
Marisa
Claude
Eveline
Aurore
Lise
Anabela
Karen
Catarina
Yasmine
Rebecca
Luana
Astrid
Margrit
Angélique
Lea
Fiona
Irene
Marinette
Lena
Lucette
Tiffany
Annette
Claire-Lise
Katharina
Maryline
Stella
Mary
Emilia
Romane
Clémence
Giovanna
Naomi
Patrizia
Ingrid
Marie-Christine
Rosmarie
Sonja
Line
Dora
Daisy
Luisa
Léonie
Jeanine
Ines
Antonia
Christina
Marie-José
Maëlle
Inês
Matilde
Anouk
Raquel
Kim
Mia
Lorena
Martha
Beatrice
Judith
Margot
Marie-France
Giuseppina
Marthe
Iris
Adeline
Irina
Ghislaine
Catia
Amanda
Nadège
Elisabete
Gertrud
Lola
Elizabeth
Eloïse
Salomé
Malika
Alyssa
Nancy
Lidia
Luna
Ida
Ella
Carmela
Carina
Lou
Floriane
Jenny
Alessandra
Frédérique
Maud
Léna
Mégane
Ludivine
Mila
Emily
Annelise
Gabriella
Joanna
Silvana
Veronica
Martina
Henriette
Gladys
Anastasia
Bruna
Lily
Bluette
Charline
Milena
Anne-Laure
Soraya
Miriam
Ophélie
Amina
Mara
Eléonore
Leticia
Marie-Laure
Joséphine
Marielle
Angelina
Gloria
Stephanie
Isabella
Juliana
Sophia
Jeannette
Irma
Lana
Agathe
Léane
Fernande
Alison
Pamela
Cecilia
Magdalena
Alix
Ivana
Sónia
Leonor
Maryse
Elvira
Marjorie
Melanie
Déborah
Lydie
Antonella
Tânia
Solène
Regina
Régine
Filomena
Livia
Marie-Jeanne
Virginia
Lauriane
Clémentine
Dina
Francisca
Stefania
Berthe
Susanna
Yasmina
Margarida
Laurie
Isaline
Jasmine
Samira
Debora
Violette
Caterina
Valeria
Lucy
Angèle
Fatma
Rosemarie
Leïla
Erica
Tiziana
Méline
Cloé
Norah
Oriane
Renata
Svetlana
Mariette
Corine
Josefa
Lisette
Bénédicte
Marie-Rose
Noëlle
Ema
Antonietta
Cornelia
Cátia
Graziella
Romaine
Susan
Sandy
Adèle
Selma
Marlene
Lilou
Anne-Sophie
Eline
Aida
Alina
Hanna
Helen
Marie-Madeleine
Luciana
Bianca
Khadija
Marcia
Annemarie
Lia
Renate
Franziska
Cosette
Maja
Margarita
Sabina
Alma
Marie-Hélène
Adrienne
Aleksandra
Celia
Coline
Tina
Amelia
Axelle
Concetta
Flavia
Mina
Natalie
Adelina
Héloïse
Giuseppa
Melina
Dolores
Hedwig
Mylène
Yolanda
Petra
Ekaterina
Cassandra
Marceline
Thaïs
Joanne
Serena
Lucile
Patrícia
Alizée
Ambre
Cláudia
Gisela
Cristiana
Tanja
Mélina
Eve
Klara
Therese
Carol
Marlise
Sibylle
Filipa
Josianne
Kenza
Letizia
Anaëlle
Jane
Pia
Aurora
Andréa
Gertrude
Rolande
Alba
Amalia
Elina
Flora
Charlène
Jaqueline
France
Marie-Noëlle
Kiara
Clarisse
Marianna
Mirella
Gwendoline
Noa
Larissa
Loredana
Anne-Claude
Leyla
Adelheid
Leslie
Amélia
Cléa
Eliana
Franca
Mariam
Elsbeth
Saskia
Bettina
Kristina
Aurélia
Elia
Roseline
Ilona
Mercedes
Blanche
Daria
Clotilde
Laeticia
Tara
Luz
Liselotte
Christa
Eugénie
Juliane
Marilyn
Gina
Roselyne
Dana
Zélie
Helene
Jana
Zahra
Anne-Catherine
Candice
Margaret
Melinda
Jelena
Mónica
Suzana
Veronika
Marija
Samia
Anja
Eleonora
Hannah
Marie-Antoinette
Rosanna
Anne-Françoise
Helga
Lila
Louane
Agnes
Kathleen
Emine
Madeline
Yara
Daphné
Priscilla
Tessa
Karina
Laurine
Lilia
Salma
Lorraine
Tess
Wendy
Constance
Katherine
Camila
Anouck
Noemi
Jasmina
Regula
Rosaria
Simona
Melisa
María
Ariana
Naïma
Rosalie
Nour
Dorothée
Marie-Josée
Marilyne
Maryam
Ornella
Roberta
Marie-Pierre
Mona
Violeta
Vânia
Marie-Françoise
Marylène
Vérène
Cathy
Cinzia
Florine
Thalia
Blandine
Delia
Fatiha
Lysiane
Débora
Eliza
Fabiana
Aya
Bertha
Ilda
Marika
Amira
Telma
Annabelle
Nuria
Soraia
Alissa
Angelica
Melody
Prisca
Anissa
Anny
Coraline
Katarzyna
Sylvette
Domenica
Janique
Beatrix
Mafalda
Margaretha
Tanya
Fatime
Ellen
Rafaela
Albina
Federica
Louisa
Magalie
Mélodie
Marie-Paule
Nada
Stefanie
Vania
Laurette
Emeline
Joyce
Aïcha
Margherita
Alyssia
Hilda
Maéva
Betty
Erna
Hana
Vesna
Garance
Loane
Marie-Anne
Elisabetta
Pilar
Vincenza
Yasmin
Claudette
Fabiola
Megan
Agnieszka
Elif
Lya
Dulce
Ava
Edona
Evelyn
Michaela
Théa
Hildegard
Romy
Amy
Rute
Ann
Camilla
Emanuela
Laila
Sheila
Rahel
Joy
Mary-Claude
Rania
Ayse
Edwige
Flavie
Gemma
Gordana
Grazia
Juana
Maureen
Romina
Amal
Gabriele
Frieda
Marylise
Brigitta
Dalila
Christianne
Maé
Cécilia
Liana
Enora
Theresia
Assunta
Katarina
May
Raphaëlle
Tatjana
Valerie
Katja
Lauren
Magda
Paloma
Perrine
Shana
Edmée
Natasha
Antonina
Deolinda
Karima
Lilian
Lilly
Michela
Aimée
Marcela
Roxanne
Ashley
Brenda
Josefina
Sylvianne
Anouchka
Daniella
Rosalia
Selena
Sílvia
Zohra
Dalia
Dragana
Josée
Maryvonne
Ada
Alda
Anisa
Danaé
Eléa
Leonora
Norma
Violaine
Jamila
Rina
Souad
Giuliana
Merita
Priska
Yaëlle
Bérénice
Eden
Hedwige
Monia
Montserrat
Mélinda
Nadja
Sybille
Viviana
Apolline
Elma
Grace
Jéssica
Mirjana
Noélie
Berta
Capucine
Gilda
Léonore
Paulina
Teuta
Anne-Christine
Aurelia
Ewa
Johanne
Micaela
Nikita
Assia
Leana
Leona
Annelyse
Ester
Medina
Ngoc
Vanda
Kayla
Celeste
Lilianne
Vlora
Yulia
Belinda
Janet
Latifa
Margrith
Marie-Ange
Noelia
Shqipe
Sidonie
Talia
Abigail
Biljana
Oriana
Shirley
Zeynep
Zita
Alejandra
Alisa
Dounia
Imane
Palmira
Eugenia
Flore
Lynn
Manuella
Kyara
Laurène
Loraine
Luce
Malgorzata
Slavica
Bouchra
Cassandre
Ilaria
Jenna
Luigia
Mélody
Elda
Gaia
Josephine
Matilda
Arielle
Halima
Anna-Maria
Annik
Arlinda
Charlie
Ingeborg
Kimberly
Mathilda
Maëva
Miranda
Agata
Catalina
Concepcion
Meryem
Eileen
Emina
Milica
Oksana
Régina
Sanja
Victoire
Alissia
Emmy
Ljiljana
Maïté
Snezana
Cyrielle
Liza
Armelle
Celine
Dorothea
Maëlys
Imelda
Laïla
Olena
Rachida
Sasha
Alena
Arta
Blerta
Clélia
Inaya
Mirela
Raffaella
Kein
Liridona
Paule
Angelika
Auriane
Aylin
Georgina
Laurinda
Louna
Naima
Asia
Erin
Ermelinda
Faustine
Loriane
Mirjam
Iryna
Margareta
Noémi
Vilma
Amel
Augusta
Layla
Lucille
Luzia
Marilena
Beata
Blanca
Galina
Tiphaine
Wanda
Alia
Anaé
Drita
Elona
Lili
Lourdes
Lucinda
Lúcia
Natascha
Sandrina
Vanesa
Vittoria
Jessie
Liv
Madalena
Sharon
Christèle
Dafina
Esma
Idalina
Priscille
Rosario
