Marco
Luca
Andrea
Giuseppe
Antonio
Alessandro
Francesco
Roberto
Giovanni
Stefano
Paolo
Davide
Fabio
Claudio
Matteo
Michele
Mario
Daniele
Nicola
Simone
Mattia
Mauro
Giorgio
Franco
Luigi
Christian
Massimo
Lorenzo
Carlo
Sergio
Pietro
Gabriele
Bruno
Angelo
Alberto
Riccardo
Maurizio
Ivan
Fabrizio
Dario
Salvatore
Leonardo
Daniel
Giacomo
Diego
Federico
Enrico
Vincenzo
Renato
Luciano
Patrick
Filippo
Manuel
Sandro
Domenico
Flavio
Samuele
Alessio
Elia
Tiziano
Thomas
Aldo
Peter
Giancarlo
Alex
David
Walter
Raffaele
Gianni
Silvano
Fausto
Gianluca
Gian
Emanuele
Guido
Adriano
Enea
Danilo
Gabriel
Renzo
Mirko
Gianfranco
Kevin
José
Fernando
Tommaso
Loris
Moreno
Michael
Nicolò
Hans
Samuel
Alan
Massimiliano
Jonathan
Nicolas
Edoardo
Emilio
Ivano
Omar
Nathan
Michel
Valerio
Armando
Damiano
Gioele
Martino
Silvio
Vittorio
Giulio
Pasquale
Alfredo
Giuliano
Remo
Ivo
Marcello
Cristian
Rocco
Graziano
Martin
Eros
Elio
Enzo
Noah
Carlos
Igor
Marzio
Romano
Sebastiano
Oliver
Athos
Andreas
Reto
Cesare
Pier
Robert
Piero
Stefan
Alexander
Vito
Fiorenzo
Mirco
Giona
Luis
Jean
Giordano
Aaron
Antonino
Umberto
Jacopo
Oscar
René
Aurelio
Corrado
Liam
Gerardo
Marko
Ugo
Donato
Ernesto
Livio
Denis
Markus
Gaetano
Marino
Ruben
Sebastian
Carmine
Pierluigi
Werner
Felice
Lucio
Ezio
Alain
Paul
Eugenio
Simon
Ettore
Aris
Valentino
Fabiano
Cristiano
Rolf
Leandro
André
Ryan
Joel
Sacha
Eric
Pedro
Rosario
Aleksandar
Attilio
Dante
Dylan
Boris
Carmelo
Fulvio
Julian
Augusto
Kurt
Nicholas
Bryan
Roger
Juan
Pascal
Zeno
Arturo
Rudolf
Jan
Joao
Roland
Patrizio
Lino
Orlando
Adam
Gino
Paulo
Urs
John
Agostino
Pierre
Aron
Dino
Romeo
Alfonso
Jorge
Ricardo
Heinz
Piergiorgio
William
Leo
Niccolò
Rolando
Alfred
Marcel
Dragan
Ferruccio
Gianluigi
Manuele
Francisco
Max
Rodolfo
Jonas
Josef
Alfio
Matthias
Ferdinando
Osvaldo
Rinaldo
Jose
Rafael
Lucas
Siro
Josè
Nadir
Adrian
Karl
Brian
Edy
Amos
Cosimo
Ethan
Nikola
Pierino
Fabian
Pierangelo
Ali
Ernst
Saverio
Germano
Joël
Richard
Achille
Franz
Pablo
Tiago
Brenno
Milan
Gregorio
