Maria
Anna
Ursula
Ruth
Monika
Elisabeth
Verena
Sandra
Claudia
Andrea
Barbara
Silvia
Nicole
Karin
Daniela
Margrit
Erika
Susanne
Marianne
Katharina
Rosmarie
Rita
Brigitte
Heidi
Esther
Christine
Anita
Sonja
Manuela
Beatrice
Doris
Gertrud
Sarah
Yvonne
Franziska
Cornelia
Irene
Rosa
Laura
Gabriela
Melanie
Martina
Edith
Julia
Marie
Sabrina
Regula
Nadine
Sara
Eva
Fabienne
Angela
Susanna
Tanja
Alexandra
Jasmin
Jacqueline
Petra
Stefanie
Therese
Lea
Nina
Corinne
Johanna
Martha
Adelheid
Simone
Sabine
Alice
Rahel
Christina
Hedwig
Tamara
Dora
Carmen
Vanessa
Patricia
Anja
Pia
Elsbeth
Denise
Elena
Michelle
Jessica
Lara
Maja
Renate
Judith
Eveline
Bettina
Ana
Mirjam
Emma
Brigitta
Theresia
Nadja
Jana
Selina
Marina
Priska
Isabelle
Janine
Caroline
Agnes
Stephanie
Ramona
Klara
Astrid
Regina
Helene
Lisa
Margrith
Lena
Beatrix
Nathalie
Helena
Hanna
Annemarie
Bernadette
Leonie
Nadia
Magdalena
Jennifer
Livia
Iris
Diana
Alina
Sophie
Linda
Christa
Margaretha
Chiara
Jeannette
Sibylle
Marlise
Katja
Lina
Michèle
Céline
Ida
Jolanda
Madeleine
Charlotte
Eliane
Olivia
Vera
Larissa
Miriam
Frieda
Veronika
Chantal
Elsa
Aline
Michaela
Liselotte
Lydia
Irma
Hildegard
Corina
Sylvia
Mia
Lucia
Luzia
Paula
Rebecca
Nora
Lorena
Patrizia
Valentina
Kathrin
Noemi
Katrin
Gabriele
Gisela
Erna
Nelly
Ingrid
Marion
Isabella
Luana
Isabel
Olga
Alessia
Carla
Monica
Natalie
Deborah
Sina
Milena
Sophia
Antonia
Mara
Fiona
Giulia
Dorothea
Sofia
Angelika
Marianna
Margaritha
Seraina
Simona
Samira
Lia
Renata
Anne
Natascha
Cristina
Tina
Sabina
Salome
Dominique
Margareta
Bianca
Elisa
Elvira
Helga
Sarina
Kim
Emilia
Melina
Luisa
Marlies
Maya
Ines
Angelina
Annette
Jeannine
Liliane
Bertha
Lilian
Marta
Ivana
Marija
Rebekka
Ladina
Evelyne
Annina
Melissa
Adriana
Catherine
Annamarie
Flavia
Svenja
Marlene
Silvana
Kristina
Berta
Elin
Kerstin
Tatjana
Francesca
Sonia
Helen
Evelyn
Jelena
Myriam
Debora
Gabriella
Pascale
Valeria
Lilly
Lynn
Gerda
Monique
Tabea
Teresa
Jasmine
Anina
Désirée
Ella
Christiane
Irina
Saskia
Ronja
Jenny
Amanda
Marisa
Elina
Lotti
Jael
Cécile
Fatma
Natalia
Carina
Alessandra
Hilda
Marlis
Leandra
Antoinette
Birgit
Margot
Irmgard
Cäcilia
Elfriede
Romina
Carmela
Suzanne
Thi
Emilie
Anouk
Hannah
Gina
Victoria
Zoe
Ursina
Delia
Heidy
Emily
Ulrike
Myrta
Ingeborg
Joana
Julie
Yolanda
Amélie
Carolina
Aleksandra
Ilona
Mira
Béatrice
Annika
Naomi
Rosemarie
Marlen
Alena
Giuseppina
Carole
Giovanna
Aurora
Emine
Katarina
Selma
Clara
Yara
Celine
Josefine
Claudine
Josefina
Joëlle
Janina
Viviane
Ariane
Jasmina
Alicia
Mila
Samantha
Stella
Elisabetha
Mathilde
Tiziana
Heike
Mirjana
Alma
Muriel
Amina
Dagmar
Hannelore
Flurina
Fatima
Roswitha
Caterina
Liliana
Vesna
Louise
Rachel
Elke
Elif
Irène
Cindy
Tania
Leona
Tatiana
Daria
Florence
Stefania
Gordana
Ayse
Valerie
Antonella
Vivienne
Zoé
Leila
Suzana
Anastasia
Aurelia
Dragana
Susan
Danijela
Svetlana
Agatha
Alisha
Juliana
Annalise
Sanja
Antonietta
Valérie
Mina
Jutta
Soraya
Slavica
Eleonora
Margarita
Meret
Lilli
Leana
Annelise
Danielle
Nelli
Pamela
Amelie
Paola
Hatice
Corinna
Anneliese
Fatime
Luise
Belinda
Ljiljana
Hana
Françoise
Jeanette
Paulina
Xenia
Ute
Noelia
Lucie
Yasmin
Laila
Milica
Marietta
Andrina
Lidia
Loredana
Susana
Dana
Veronica
Mariana
Romana
Celina
Viola
Mona
Marie-Louise
Aylin
Ellen
Enya
Margarete
Gabrielle
Karolina
Nada
Prisca
Biljana
Inge
Dina
Joanna
Silke
Dragica
Elizabeth
Gianna
Amy
Beatriz
Sybille
Stéphanie
Mary
Irena
Amelia
Serena
Zita
Ilaria
Carola
Beate
Raphaela
Melisa
Gloria
Adelina
Louisa
Ilse
Malin
Franca
Joy
Waltraud
Annelies
Jeanine
Viktoria
Arlette
Josephine
Marguerite
Virginia
Graziella
Dolores
Natasa
Lucy
Violeta
Lejla
Selin
Lotte
Vivien
Merita
Rosina
Medina
Hermine
Käthi
Aida
Jill
Jeanne
Zeynep
Nuria
Cecilia
Cynthia
Seline
Luna
Filomena
Sigrid
Jara
Romy
Sharon
Snezana
Concetta
Damaris
Alisa
Zorica
Yvette
Leonora
Liv
Sheila
Amira
Dijana
Miranda
Fernanda
Myrtha
Karen
Claire
Lily
Leyla
Melinda
Colette
Christel
Cinzia
Elise
Gudrun
Ariana
Yael
Azra
Sandrine
Marijana
Pauline
Antje
Nancy
Mireille
Alissa
Carolin
Liana
Katia
Bruna
Anisa
Gioia
Ottilia
Anke
Dilara
Ljubica
Mirella
Giuliana
Angelica
Rosanna
Raquel
Silja
Lisbeth
Eliana
Sylvie
Giuseppa
Alea
Theres
Lana
Carol
Karina
Joelle
Anika
Josefa
Ina
Britta
Raffaela
Domenica
Letizia
Beata
Erica
Flora
Luciana
Noëlle
Hulda
Teuta
Arta
Edona
Elisabetta
Malea
Agnieszka
Katarzyna
Desirée
Rina
Drita
Emina
Eleni
Géraldine
Arlinda
Herta
Zora
Felicitas
Roberta
Ava
Vlora
Cheyenne
Sofie
Albina
Véronique
Hélène
Noëmi
Shpresa
Timea
Shqipe
Andreia
Morena
Fabiana
Geraldine
Tara
Marica
Henriette
Jil
Esma
Margherita
Liridona
Lou
Yasemin
Rosaria
Blerta
Sereina
Sanela
Juliette
Michela
Dunja
Giada
Evelin
Rose
Malgorzata
Katalin
Susi
Theresa
Sladjana
Anaïs
Zuzana
Margreth
Regine
Rosalia
Jovana
Eline
Ewa
Léonie
Ruzica
Meryem
Rosalie
Viviana
Catarina
Francisca
Fanny
Erina
Fabiola
Kirsten
Tenzin
Noémie
Emanuela
Jaël
Alexa
Fabia
Fatmire
Nicola
Elea
Ela
Elma
Ester
Iva
Mélanie
Ganimete
Vreneli
Florentina
Frida
Ilenia
Felicia
Francine
Grazia
Danica
Margit
Cordula
Eleonore
Leni
Anne-Marie
Estelle
Käthe
Josiane
Kristin
Amela
Juliane
Renée
Alyssa
Aloisia
Norina
Branka
Jane
Gertrude
Vincenza
Ajla
Celia
Esra
Blanka
Laurence
Susann
Kira
Mandy
Margret
Lidija
Priscilla
Radmila
Vjollca
Kata
Amra
Germaine
Aferdita
Ann
Camille
Nikolina
Vanesa
Alexia
Greta
Séverine
Alba
Mathilda
Matilda
Edina
Gerlinde
Lisabeth
Özlem
Ardita
Friederike
Aisha
Eileen
Tuana
Derya
Lindita
Norma
Annamaria
Kornelia
Martine
Amalia
Larina
Albulena
Ayla
Mirela
Riana
Adrienne
Ylenia
Ekaterina
Luljeta
Moira
Fitore
Imelda
Meta
Sanije
Dafina
Hanife
Zoë
Bärbel
Milka
Mimoza
Simea
Elodie
Thea
Manon
Matilde
Anabela
Bukurije
Emely
Lieselotte
Samanta
Georgette
Mercedes
Marcia
Camilla
Rea
Karoline
Noelle
Ornella
Catia
Lenka
Sultan
Anica
Federica
Yasmine
Anastasija
Katerina
Adele
Dorothee
Eliza
Leticia
Madlaina
Marilena
Besarta
Ivanka
Lore
Nadin
Rafaela
Lavinia
Olena
Vreni
Anesa
Bojana
Chloé
Hülya
Verica
Bethli
Hava
Ayleen
Blerina
Mirlinda
Shania
Sevdije
Adina
Arjeta
Assunta
Janet
Layla
Egzona
Judit
Ada
Kathleen
Zehra
Eva-Maria
Grace
Danièle
Doreen
Kyra
Marika
Murielle
Sieglinde
Kaltrina
Leonor
Ebru
Filiz
Florije
Tanya
Wanda
Mariette
Teodora
Vivian
Emelie
Sibel
Margaret
Marlyse
Natalija
Zahra
Thérèse
Zdenka
Salomé
Feride
Noa
Melek
Raffaella
Valbone
Finja
Margarethe
Antonina
Marcella
Marcela
Sofija
Christin
Florina
Merve
Riccarda
Madlen
Naemi
Zsuzsanna
Anna-Maria
Leoni
Remzije
Agnesa
Agata
Elisabete
Nevenka
Natasha
Eda
Katherine
Moana
Joline
Wilma
Joyce
Karla
Maren
Kaja
Lumnije
Dilek
Ajshe
Leonita
Tiffany
Leah
Maryam
Ankica
Rhea
Shirin
Catharina
Valbona
Marlène
Severine
Hermina
Jasna
Marie-Therese
Joya
Justine
Lilia
Heidemarie
Anna-Lena
Clarissa
Gentiana
Krisztina
Svea
Aileen
Shkurte
Anette
Edita
Marliese
Odette
Uta
Mariella
Ruza
Vanja
Arianna
Deniz
Snjezana
Vittoria
Iryna
Kimberly
Dusanka
Klaudia
Lili
Tijana
Daisy
Nayla
Sevim
Dalia
Saranda
Sladana
Rose-Marie
Mihaela
Senada
Audrey
Lya
Antigona
Ema
Hanny
Heidrun
Isabell
Marigona
Rosetta
Donika
Lirije
Edeltraud
Sandy
Gemma
Dajana
Marita
Suela
Besa
Enisa
Juna
Nejla
Nele
Carine
Naima
Bernadetta
Miroslava
Mirjeta
Gertraud
Inês
Arzu
Margarida
Nataliya
Pierina
Jadranka
Luz
Nazmije
Ricarda
Semra
Georgina
Mirta
Olivera
Jaqueline
Linn
Mariam
Mária
Gaby
Lorina
Juana
Léa
Marie-Luise
Nicoletta
Slobodanka
