Jean
Daniel
Michel
Pierre
David
Philippe
José
Nicolas
Christian
Alexandre
Olivier
André
Patrick
Alain
Antonio
Claude
Christophe
Stéphane
Laurent
Julien
Bernard
François
Marc
Pascal
Eric
Sébastien
Frédéric
Jacques
Thomas
Manuel
Vincent
Thierry
Carlos
Samuel
Jean-Pierre
Cédric
Bruno
Gabriel
Yves
René
Raphaël
Paul
Maxime
Roland
Charles
Romain
Antoine
Louis
Georges
Jonathan
Marco
Marcel
Luca
Roger
Robert
Jérôme
Guillaume
Dominique
Michael
Kevin
Jean-Claude
Loïc
Simon
Gérard
Didier
Serge
Benjamin
Florian
Mathieu
Luis
Denis
Gilbert
Paulo
Lucas
Damien
Yann
Pedro
Hugo
Adrien
Giuseppe
Fernando
Arnaud
Anthony
Nathan
Jean-Marc
Jorge
Francis
Gilles
Joël
Fabrice
Raymond
Mario
Francisco
Valentin
Martin
Quentin
Xavier
Fabien
Lionel
Sylvain
Ricardo
Dylan
Arthur
Mohamed
Peter
Joao
Yvan
Henri
Tiago
Fabio
Rui
Juan
Théo
Victor
Joseph
Jean-François
Ludovic
Alexis
Léo
Matteo
Gérald
Maurice
João
Jean-Luc
Michaël
Miguel
Noah
Joaquim
Richard
Yannick
Guy
Emmanuel
Francesco
Diego
António
William
Jérémy
Steve
Benoît
Luc
Rafael
Giovanni
John
Cyril
Nuno
Robin
Bastien
Roberto
Hans
Patrice
Bertrand
Albert
Jose
Ali
Matthieu
Mathias
Hervé
Pierre-Alain
Rémy
Ivan
Loris
Alessandro
Jean-Paul
Willy
Lucien
Etienne
Salvatore
Alexander
Grégory
Jean-Daniel
Nolan
Jean-Jacques
Grégoire
Axel
Enzo
Diogo
Jonas
Andrea
Walter
Baptiste
Bryan
Sergio
Sacha
Jean-Michel
Clément
Alex
Claudio
Vitor
Filipe
Noé
Evan
Jean-Marie
Alberto
Angelo
Adrian
Pierre-André
Aurélien
Jérémie
Christopher
Jules
Oscar
Ethan
Jean-Louis
Liam
Karim
Max
Luigi
Alfred
Stefan
Edouard
Adam
Gregory
Tristan
Nelson
Thibault
Lorenzo
Ruben
Johann
Andreas
Vincenzo
James
Gaël
Alan
Blaise
Martial
Elias
Florent
Gaëtan
Jeremy
Stefano
Rodrigo
Eduardo
Emile
Nicola
Maël
Michele
Johan
Leonardo
Ahmed
Leandro
Davide
Pablo
Mathis
Luís
Jean-Philippe
Hubert
Esteban
Léonard
Rayan
Paolo
Steven
Fernand
Domenico
Sandro
Dimitri
Colin
Kilian
Alessio
Tom
Werner
Dany
Matthias
Léon
Ryan
Stephan
Dario
Armand
Markus
Mehdi
Frank
Jan
Franck
Adriano
Boris
Edgar
Pietro
Massimo
Sérgio
Julian
Armando
Carlo
Timothée
Leo
Yoann
Igor
Daniele
Mauro
Charly
Marius
Mark
Flavio
Raphael
Sami
Dorian
Nils
Franco
Jimmy
Norbert
Sebastian
Jordan
Fabian
Mohammed
Yanis
Ernest
Rudolf
Mehmet
Corentin
Ibrahim
Kurt
Elio
Eliott
Sven
Omar
Tim
Rolf
Javier
Jason
Joel
Mohammad
Andrew
Mickaël
Basile
Régis
Thibaud
Gaston
Félix
Cyrille
Maurizio
Vladimir
Renato
Rémi
Mike
Alfredo
Tony
Antonino
Killian
Beat
Lenny
Luciano
Roman
Oliver
Urs
Samir
Kylian
Anton
Heinz
Joachim
Christoph
Edmond
Karl
Gonçalo
Joshua
Mattia
Artur
Pierre-Yves
César
Fabrizio
Yan
Hélder
Santiago
Timéo
Alejandro
Aaron
Eliot
Jaime
Justin
Matthew
Giorgio
Julio
Amir
Gianni
Thibaut
Ernst
Raffaele
Mustafa
Kévin
Pasquale
Federico
Tomas
Noa
Alvaro
Felix
Ilan
Aldo
Fábio
Silvio
Eddy
Alban
Jesus
Raoul
Brian
Angel
Elie
Emilien
Yoan
Ian
Fritz
Loan
Mateo
Benoit
Tobias
Emanuel
Isaac
Vítor
Yohan
Domingos
Claude-Alain
Frédy
Jean-Baptiste
Emilio
Dan
Renaud
Timothy
Malik
Micael
Erwin
Hasan
Helder
Ulrich
Henrique
Marcos
Noam
Abel
Milan
Nicholas
Arno
Ivo
Franz
Josef
Jean-Christophe
Camille
Mathéo
Gabriele
Bernhard
Mickael
Jean-Bernard
Ronald
Jean-Charles
Philip
Carmelo
Enrico
Luka
Maxence
Nikola
Mirko
Lukas
Youssef
Gian
Augustin
Mário
Raul
Mathys
Allan
Matias
Antonin
Agostinho
Sam
Danilo
Augusto
Johnny
Aleksandar
Andres
Mikael
Samy
Gaspard
Jacky
Yannis
Hassan
Rodolphe
Cristian
Filippo
Riccardo
Rocco
Carmine
Ernesto
Germain
Henry
Hugues
Nathanaël
Vito
Cristiano
Guilherme
Hermann
Marko
Noël
Maximilien
Vasco
Ahmad
Flavien
Guido
Alfonso
Giacomo
Stephen
Tanguy
Johannes
Jean-Yves
Jürg
Philipp
Vittorio
Antony
Morgan
Gerardo
Zoran
George
Patrik
Ahmet
Danny
Donato
Gaétan
Erich
Orlando
Cosimo
Enrique
Gaetano
Ramon
Steeve
Stève
Ismail
Marcelo
Ismaël
Leon
Gil
Erik
Maxim
Gustavo
Logan
Aloïs
Edward
Dragan
Livio
Otto
Erwan
Ewan
Felipe
Gianluca
Jack
Alec
Elliot
Adnan
Carl
Mattéo
Stanislas
Arben
Luan
Giancarlo
Sebastiano
Leonel
Mohamad
Afonso
Hamza
Tomás
Ulysse
Van
Bastian
Martim
Marc-André
Rachid
Nabil
Andy
Brice
Chris
Herbert
Arnold
Toni
Mamadou
Ralph
Reto
Freddy
Lino
Mikaël
Marcio
Roméo
Theo
Timothé
Bekim
Théodore
Yassine
Goran
Romeo
Gino
Ismael
Milo
Abdul
Damian
Emil
Sebastien
Stephane
Dejan
Hector
Dino
Valon
Armin
Eduard
Constantin
Achille
Edwin
Joan
Manfred
Adel
Pierrick
Andre
Ilir
Marcello
Burim
Melvin
Ugo
Yanick
Adem
Tiziano
Adelino
Aymeric
Gary
Sean
Téo
Hüseyin
Salvador
Cedric
Alphonse
Enver
Lorik
Maximilian
Armindo
Bernardo
Eugène
Kenny
Walid
Besim
Geoffrey
Agim
Albin
Blerim
Telmo
Tommaso
Massimiliano
Niels
Viktor
Joris
Amine
Gilberto
Rúben
Selim
Valentino
Célien
Duarte
Jakob
Khaled
Yohann
Ben
Bajram
Kenzo
Osman
Naim
Fatmir
Afrim
Filip
Gianfranco
Giuliano
Owen
Albino
Heinrich
Márcio
Teo
Yvon
Ismet
Reynald
Giulio
Hadrien
Agron
Emir
Zachary
Emanuele
Georgios
Said
Besnik
Liridon
Mikhail
Umberto
Dinis
El
Aimé
Elvis
Harry
Vicente
Aziz
Fadil
Ferdinand
Gerhard
Murat
Enis
Jean-Noël
Leonard
Rosario
Arlindo
Kim
Marc-Antoine
Virgile
Gustave
Jessy
Marek
Abilio
Simone
Marcus
Sasha
Zacharie
Andrey
Mahmoud
Naser
Neil
Gabin
Arsène
Bilal
Hakim
Kenan
Piero
Abdullah
Brandon
Driton
Jocelyn
Simão
Valerio
Frederico
Jörg
Khalid
Marvin
Mirco
Silvano
Wilson
Wolfgang
Dani
Eugenio
Gauthier
Hamid
Hicham
Jacob
Amaury
Bashkim
Eloi
Hussein
Klaus
Muhammad
Mustapha
Salim
Sofiane
Aidan
Damiano
Loïs
Naël
Georg
Guillermo
Nino
Rafaël
Avni
Joaquin
Ardian
Aurèle
Miroslav
Américo
Dominik
Jordi
Lars
Malo
Joey
Celso
Clovis
Ramadan
Timo
Lucio
Tarek
Fred
Ken
Amin
Friedrich
Jeton
Mauricio
Tarik
Aron
Arturo
Bujar
Renzo
Rogério
Scott
Dilan
Enes
Ilias
Mael
Milos
Valter
Jolan
Marlon
Matt
Sergey
Andrei
Conrad
Matéo
Yassin
Auguste
Cesar
Kamel
Lilian
Pavel
Rodolfo
Younes
Abraham
Adil
Remo
Anis
Edoardo
Skender
Arsim
Saïd
Halil
Léandre
Ramiro
Stéphan
Avelino
Omer
Félicien
Humberto
Jeffrey
Michal
Arlind
Armend
Dmitry
Donovan
Egzon
Fredy
Matis
Muhamed
Oskar
Théophile
Yacine
Konstantinos
Patric
Soan
Aloys
Brahim
Farid
Nikita
Fausto
Kushtrim
Piotr
Andi
Jean-Pascal
Kamal
Mariano
Minh
Nenad
Sinan
Dimitrios
Krzysztof
Narcisse
Timeo
Brayan
Deniz
Felice
Gaetan
Ignacio
Mounir
Mourad
Vadim
Anibal
Flamur
Jean-Maurice
Mergim
Santo
Shaban
Wilhelm
Willi
Edin
Oleg
Simao
Anas
Edison
Frederic
Gerard
Luke
Marc-Henri
Ramiz
Benito
Elia
Gonzalo
Kein
Meinrad
Salah
Serafim
Tomasz
Zakaria
Aurelio
Dieter
Faton
Jon
Josué
Léopold
Titouan
Abdelkader
Amar
Dirk
Nassim
Numa
Amadou
Mahé
Siméon
Virgilio
Sabri
Charlie
Douglas
Kemal
Marwan
Dardan
Habib
Jayson
Yusuf
Elouan
Sasa
Alfio
Charles-Henri
Darko
Ioannis
Marino
Rayane
Sascha
Ilyas
Kenneth
Nikolaos
Yonas
Edon
Khalil
Laszlo
Loic
Lulzim
Naïm
Youri
Flávio
Kai
Kyle
Muhamet
Musa
Nadir
Thiago
Alexey
Dominic
Ezio
Francois
Ilhan
Albano
Billy
Bogdan
Elion
Fitim
Jean-David
Tibor
Florim
François-Xavier
Jürgen
Alexandru
Alois
Harold
Hélio
Johny
Norberto
Cyprien
Dion
Gerald
Ilian
Mentor
Patricio
Pierre-Louis
Donald
Romano
Thanh
Ambroise
Ariel
Célestin
Jamal
Leart
Abdallah
Almir
Cláudio
Dennis
Diamantino
Endrit
Jacinto
Konstantin
Labinot
Noureddine
Safet
Slobodan
Wassim
Altin
Gazmend
Giulian
Sandy
Arnaldo
Erion
Ivano
Jérome
Marc-Olivier
Moussa
Ralf
Abdel
Camilo
Gennaro
Patrizio
Rexhep
Rolando
Valéry
